INFO: 2026-01-08 22:06:38,454: main() 'Using profile folder /home/jesse/.config/variety/'
INFO: 2026-01-08 22:06:38,456: perform_upgrade() 'Last run version was 0.8.13 or earlier, current version is 0.8.13'
INFO: 2026-01-08 22:06:38,462: process_command() 'Received command: []'
INFO: 2026-01-08 22:06:38,463: start() 'Using data_path /usr/share/variety'
INFO: 2026-01-08 22:06:38,463: load() 'Jumble loading'
INFO: 2026-01-08 22:06:38,464: _walk_modules() 'Jumble loading module in __init__ from /usr/lib/python3.13/site-packages/variety/plugins/builtin/__init__.py'
INFO: 2026-01-08 22:06:38,464: _walk_modules() 'Jumble loading module in ArtStationDownloader from /usr/lib/python3.13/site-packages/variety/plugins/builtin/downloaders/ArtStationDownloader.py'
INFO: 2026-01-08 22:06:38,465: _walk_modules() 'Jumble loading module in UnsplashConfigurableSource from /usr/lib/python3.13/site-packages/variety/plugins/builtin/downloaders/UnsplashConfigurableSource.py'
INFO: 2026-01-08 22:06:38,467: load() 'Jumble found plugin class: <class 'UnsplashConfigurableSource.UnsplashConfigurableSource'>: {'name': 'UnsplashConfigurableSource', 'description': 'Configurable source for fetching photos from Unsplash.com', 'author': 'Peter Levi', 'version': '0.1'}'
INFO: 2026-01-08 22:06:38,467: _walk_modules() 'Jumble loading module in RedditDownloader from /usr/lib/python3.13/site-packages/variety/plugins/builtin/downloaders/RedditDownloader.py'
INFO: 2026-01-08 22:06:38,467: _walk_modules() 'Jumble loading module in ArtStationSource from /usr/lib/python3.13/site-packages/variety/plugins/builtin/downloaders/ArtStationSource.py'
INFO: 2026-01-08 22:06:38,468: load() 'Jumble found plugin class: <class 'ArtStationSource.ArtStationSource'>: {'name': 'ArtStationSource', 'description': 'Configurable source for fetching images from ArtStation', 'author': 'Denis Gordeev', 'version': '0.1'}'
INFO: 2026-01-08 22:06:38,468: _walk_modules() 'Jumble loading module in BingDownloader from /usr/lib/python3.13/site-packages/variety/plugins/builtin/downloaders/BingDownloader.py'
INFO: 2026-01-08 22:06:38,469: load() 'Jumble found plugin class: <class 'BingDownloader.BingDownloader'>: {'name': 'BingDownloader', 'description': 'Bing Photo of the Day', 'author': 'Peter Levi', 'version': '0.1'}'
INFO: 2026-01-08 22:06:38,469: _walk_modules() 'Jumble loading module in EarthviewDownloader from /usr/lib/python3.13/site-packages/variety/plugins/builtin/downloaders/EarthviewDownloader.py'
INFO: 2026-01-08 22:06:38,470: load() 'Jumble found plugin class: <class 'EarthviewDownloader.EarthviewDownloader'>: {'name': 'EarthviewDownloader', 'description': 'Google Earth View Wallpapers', 'author': 'Peter Levi', 'version': '0.1'}'
INFO: 2026-01-08 22:06:38,470: _walk_modules() 'Jumble loading module in WallhavenSource from /usr/lib/python3.13/site-packages/variety/plugins/builtin/downloaders/WallhavenSource.py'
INFO: 2026-01-08 22:06:38,472: load() 'Jumble found plugin class: <class 'WallhavenSource.WallhavenSource'>: {'name': 'WallhavenSource', 'description': 'Configurable source for fetching images from Wallhaven.cc', 'author': 'Peter Levi', 'version': '0.1'}'
INFO: 2026-01-08 22:06:38,472: _walk_modules() 'Jumble loading module in WallhavenLegacyDownloader from /usr/lib/python3.13/site-packages/variety/plugins/builtin/downloaders/WallhavenLegacyDownloader.py'
INFO: 2026-01-08 22:06:38,472: _walk_modules() 'Jumble loading module in UnsplashDownloader from /usr/lib/python3.13/site-packages/variety/plugins/builtin/downloaders/UnsplashDownloader.py'
INFO: 2026-01-08 22:06:38,473: load() 'Jumble found plugin class: <class 'UnsplashDownloader.UnsplashDownloader'>: {'name': 'UnsplashDownloader', 'description': 'High-resolution photos from Unsplash.com', 'author': 'Peter Levi', 'version': '0.1'}'
INFO: 2026-01-08 22:06:38,473: _walk_modules() 'Jumble loading module in MediaRSSSource from /usr/lib/python3.13/site-packages/variety/plugins/builtin/downloaders/MediaRSSSource.py'
INFO: 2026-01-08 22:06:38,474: load() 'Jumble found plugin class: <class 'MediaRSSSource.MediaRSSSource'>: {'name': 'MediaRSSSource', 'description': 'Configurable source for fetching images from MediaRSS feeds', 'author': 'Peter Levi', 'version': '0.1'}'
INFO: 2026-01-08 22:06:38,474: _walk_modules() 'Jumble loading module in MediaRSSDownloader from /usr/lib/python3.13/site-packages/variety/plugins/builtin/downloaders/MediaRSSDownloader.py'
INFO: 2026-01-08 22:06:38,475: _walk_modules() 'Jumble loading module in APODDownloader from /usr/lib/python3.13/site-packages/variety/plugins/builtin/downloaders/APODDownloader.py'
INFO: 2026-01-08 22:06:38,475: load() 'Jumble found plugin class: <class 'APODDownloader.APODDownloader'>: {'name': 'APODDownloader', 'description': 'NASA Astro Pic of the Day', 'author': 'Peter Levi', 'version': '0.1'}'
INFO: 2026-01-08 22:06:38,475: _walk_modules() 'Jumble loading module in NationalGeographicDownloader from /usr/lib/python3.13/site-packages/variety/plugins/builtin/downloaders/NationalGeographicDownloader.py'
INFO: 2026-01-08 22:06:38,476: load() 'Jumble found plugin class: <class 'NationalGeographicDownloader.NationalGeographicDownloader'>: {'name': 'NationalGeographicDownloader', 'description': "National Geographic's photo of the day", 'author': 'Eric Rösch', 'version': '0.1'}'
INFO: 2026-01-08 22:06:38,476: _walk_modules() 'Jumble loading module in __init__ from /usr/lib/python3.13/site-packages/variety/plugins/builtin/downloaders/__init__.py'
INFO: 2026-01-08 22:06:38,476: _walk_modules() 'Jumble loading module in WallhavenDownloader from /usr/lib/python3.13/site-packages/variety/plugins/builtin/downloaders/WallhavenDownloader.py'
INFO: 2026-01-08 22:06:38,476: _walk_modules() 'Jumble loading module in RedditSource from /usr/lib/python3.13/site-packages/variety/plugins/builtin/downloaders/RedditSource.py'
INFO: 2026-01-08 22:06:38,477: load() 'Jumble found plugin class: <class 'RedditSource.RedditSource'>: {'name': 'RedditSource', 'description': 'Configurable source for fetching images from Reddit', 'author': 'Peter Levi', 'version': '0.1'}'
INFO: 2026-01-08 22:06:38,477: _walk_modules() 'Jumble loading module in ResizingDisplayModesPlugin from /usr/lib/python3.13/site-packages/variety/plugins/builtin/display_modes/ResizingDisplayModesPlugin.py'
INFO: 2026-01-08 22:06:38,478: load() 'Jumble found plugin class: <class 'ResizingDisplayModesPlugin.ResizingDisplayModesPlugin'>: {'name': 'ResizingDisplayModesPlugin', 'description': 'Display modes that use image resizing within Variety', 'version': '1.0', 'author': 'Peter Levi'}'
INFO: 2026-01-08 22:06:38,478: _walk_modules() 'Jumble loading module in GnomeDisplayModesPlugin from /usr/lib/python3.13/site-packages/variety/plugins/builtin/display_modes/GnomeDisplayModesPlugin.py'
INFO: 2026-01-08 22:06:38,478: load() 'Jumble found plugin class: <class 'GnomeDisplayModesPlugin.GnomeDisplayModesPlugin'>: {'name': 'GnomeDisplayModesPlugin', 'description': 'Display modes relying on the underlying desktop environment', 'version': '1.0', 'author': 'Peter Levi'}'
INFO: 2026-01-08 22:06:38,478: _walk_modules() 'Jumble loading module in LegacyDisplayModesPlugin from /usr/lib/python3.13/site-packages/variety/plugins/builtin/display_modes/LegacyDisplayModesPlugin.py'
INFO: 2026-01-08 22:06:38,478: load() 'Jumble found plugin class: <class 'LegacyDisplayModesPlugin.LegacyDisplayModesPlugin'>: {'name': 'LegacyDisplayModesPlugin', 'description': 'Legacy display mode for compatibility with past Variety versions', 'version': '1.0', 'author': 'Peter Levi'}'
INFO: 2026-01-08 22:06:38,479: _walk_modules() 'Jumble loading module in __init__ from /usr/lib/python3.13/site-packages/variety/plugins/builtin/display_modes/__init__.py'
INFO: 2026-01-08 22:06:38,479: _walk_modules() 'Jumble loading module in FortuneSource from /usr/lib/python3.13/site-packages/variety/plugins/builtin/quotes/FortuneSource.py'
INFO: 2026-01-08 22:06:38,480: load() 'Jumble found plugin class: <class 'FortuneSource.FortuneSource'>: {'name': 'UNIX fortune program', 'description': 'Displays quotes using the UNIX fortune program. You may want to install additional fortune packs, e.g. fortunes-bofh-excuses.', 'author': 'Dan Jones', 'version': '0.1'}'
INFO: 2026-01-08 22:06:38,480: _walk_modules() 'Jumble loading module in LocalFilesSource from /usr/lib/python3.13/site-packages/variety/plugins/builtin/quotes/LocalFilesSource.py'
INFO: 2026-01-08 22:06:38,480: load() 'Jumble found plugin class: <class 'LocalFilesSource.LocalFilesSource'>: {'name': 'Local text files', 'description': 'Displays quotes, defined in local text files.\nPut your own txt files in: ~/.config/variety/pluginconfig/quotes/.\nThe file format is:\n\nquote -- author\n.\nsecond quote -- another author\n.\netc...\n\nExample: http://rvelthuis.de/zips/quotes.txt', 'author': 'Peter Levi', 'version': '0.1'}'
INFO: 2026-01-08 22:06:38,480: _walk_modules() 'Jumble loading module in QuotationsPageSource from /usr/lib/python3.13/site-packages/variety/plugins/builtin/quotes/QuotationsPageSource.py'
INFO: 2026-01-08 22:06:38,509: load() 'Jumble found plugin class: <class 'QuotationsPageSource.QuotationsPageSource'>: {'name': 'TheQuotationsPage.com', 'description': 'Fetches quotes from TheQuotationsPage.com', 'author': 'Peter Levi', 'version': '0.1'}'
INFO: 2026-01-08 22:06:38,509: _walk_modules() 'Jumble loading module in __init__ from /usr/lib/python3.13/site-packages/variety/plugins/builtin/quotes/__init__.py'
INFO: 2026-01-08 22:06:38,509: _walk_modules() 'Jumble loading module in UrbanDictionarySource from /usr/lib/python3.13/site-packages/variety/plugins/builtin/quotes/UrbanDictionarySource.py'
INFO: 2026-01-08 22:06:38,509: load() 'Jumble found plugin class: <class 'UrbanDictionarySource.UrbanDictionarySource'>: {'name': 'Urban Dictionary', 'description': 'Displays definitions from Urban Dictionary', 'author': 'James Miller', 'version': '0.1'}'
INFO: 2026-01-08 22:06:38,509: _walk_modules() 'Jumble loading module in GoodreadsSource from /usr/lib/python3.13/site-packages/variety/plugins/builtin/quotes/GoodreadsSource.py'
INFO: 2026-01-08 22:06:38,510: load() 'Jumble found plugin class: <class 'GoodreadsSource.GoodreadsSource'>: {'name': 'Goodreads', 'description': 'Fetches quotes from Goodreads.com', 'author': 'Peter Levi', 'version': '0.1'}'
INFO: 2026-01-08 22:06:38,516: reload_config() 'Creating new downloader for type wallhaven, location anime girls'
INFO: 2026-01-08 22:06:38,516: reload_config() 'Creating new downloader for type wallhaven, location video game art'
INFO: 2026-01-08 22:06:38,516: reload_config() 'Creating new downloader for type wallhaven, location video games'
INFO: 2026-01-08 22:06:38,516: reload_config() 'Creating new downloader for type wallhaven, location digital art'
INFO: 2026-01-08 22:06:38,517: log_options() 'Loaded options:'
INFO: 2026-01-08 22:06:38,517: log_options() 'change_enabled = False'
INFO: 2026-01-08 22:06:38,517: log_options() 'change_interval = 1800'
INFO: 2026-01-08 22:06:38,517: log_options() 'change_on_start = False'
INFO: 2026-01-08 22:06:38,517: log_options() 'clipboard_enabled = False'
INFO: 2026-01-08 22:06:38,517: log_options() 'clipboard_hosts = ['wallhaven.cc']'
INFO: 2026-01-08 22:06:38,517: log_options() 'clipboard_use_whitelist = True'
INFO: 2026-01-08 22:06:38,517: log_options() 'clock_date_font = Serif 30'
INFO: 2026-01-08 22:06:38,517: log_options() 'clock_enabled = False'
INFO: 2026-01-08 22:06:38,517: log_options() 'clock_filter = -density 100 -font `fc-match -f '%{file[0]}' '%CLOCK_FONT_NAME'` -pointsize %CLOCK_FONT_SIZE -gravity SouthEast -fill '#00000044' -annotate 0x0+[%HOFFSET+58]+[%VOFFSET+108] '%H:%M' -fill white -annotate 0x0+[%HOFFSET+60]+[%VOFFSET+110] '%H:%M' -font `fc-match -f '%{file[0]}' '%DATE_FONT_NAME'` -pointsize %DATE_FONT_SIZE -fill '#00000044' -annotate 0x0+[%HOFFSET+58]+[%VOFFSET+58] '%A, %B %d' -fill white -annotate 0x0+[%HOFFSET+60]+[%VOFFSET+60] '%A, %B %d''
INFO: 2026-01-08 22:06:38,517: log_options() 'clock_font = Serif 70'
INFO: 2026-01-08 22:06:38,517: log_options() 'configfile = /home/jesse/.config/variety/variety.conf'
INFO: 2026-01-08 22:06:38,517: log_options() 'copyto_enabled = False'
INFO: 2026-01-08 22:06:38,517: log_options() 'copyto_folder = Default'
INFO: 2026-01-08 22:06:38,517: log_options() 'desired_color = [160, 160, 160]'
INFO: 2026-01-08 22:06:38,517: log_options() 'desired_color_enabled = False'
INFO: 2026-01-08 22:06:38,517: log_options() 'download_folder = /home/jesse/.config/variety/Downloaded'
INFO: 2026-01-08 22:06:38,517: log_options() 'download_preference_ratio = 0.9'
INFO: 2026-01-08 22:06:38,517: log_options() 'favorites_folder = /home/jesse/.config/variety/Favorites'
INFO: 2026-01-08 22:06:38,517: log_options() 'favorites_operations = [['Downloaded', 'Copy'], ['Fetched', 'Move'], ['Others', 'Copy']]'
INFO: 2026-01-08 22:06:38,517: log_options() 'fetched_folder = /home/jesse/.config/variety/Fetched'
INFO: 2026-01-08 22:06:38,517: log_options() 'filters = [[False, 'Keep original', ''], [False, 'Grayscale', '-type Grayscale'], [False, 'Heavy blur', '-scale 20% -blur 0x10 -resize 500%'], [False, 'Soft blur', '-scale 20% -blur 0x2 -resize 500%'], [False, 'Oil painting', '-paint 8'], [False, 'Pointilism', '-spread 10 -noise 3'], [False, 'Pixellate', '-scale 3% -scale 3333%']]'
INFO: 2026-01-08 22:06:38,517: log_options() 'get_wallpaper_script = /home/jesse/.config/variety/scripts/get_wallpaper'
INFO: 2026-01-08 22:06:38,517: log_options() 'icon = Light'
INFO: 2026-01-08 22:06:38,517: log_options() 'internet_enabled = True'
INFO: 2026-01-08 22:06:38,517: log_options() 'lightness_enabled = False'
INFO: 2026-01-08 22:06:38,517: log_options() 'lightness_mode = 0'
INFO: 2026-01-08 22:06:38,517: log_options() 'min_rating = 4'
INFO: 2026-01-08 22:06:38,517: log_options() 'min_rating_enabled = False'
INFO: 2026-01-08 22:06:38,517: log_options() 'min_size = 80'
INFO: 2026-01-08 22:06:38,517: log_options() 'min_size_enabled = False'
INFO: 2026-01-08 22:06:38,517: log_options() 'name_regex = .*'
INFO: 2026-01-08 22:06:38,517: log_options() 'name_regex_enabled = False'
INFO: 2026-01-08 22:06:38,517: log_options() 'quota_enabled = True'
INFO: 2026-01-08 22:06:38,517: log_options() 'quota_size = 1000'
INFO: 2026-01-08 22:06:38,517: log_options() 'quotes_authors = '
INFO: 2026-01-08 22:06:38,517: log_options() 'quotes_bg_color = [80, 80, 80]'
INFO: 2026-01-08 22:06:38,517: log_options() 'quotes_bg_opacity = 0'
INFO: 2026-01-08 22:06:38,517: log_options() 'quotes_change_enabled = False'
INFO: 2026-01-08 22:06:38,517: log_options() 'quotes_change_interval = 300'
INFO: 2026-01-08 22:06:38,517: log_options() 'quotes_disabled_sources = ['Urban Dictionary']'
INFO: 2026-01-08 22:06:38,517: log_options() 'quotes_enabled = False'
INFO: 2026-01-08 22:06:38,517: log_options() 'quotes_favorites_file = /home/jesse/.config/variety/favorite_quotes.txt'
INFO: 2026-01-08 22:06:38,517: log_options() 'quotes_font = Serif 26'
INFO: 2026-01-08 22:06:38,517: log_options() 'quotes_hpos = 0'
INFO: 2026-01-08 22:06:38,517: log_options() 'quotes_max_length = 250'
INFO: 2026-01-08 22:06:38,517: log_options() 'quotes_tags = '
INFO: 2026-01-08 22:06:38,517: log_options() 'quotes_text_color = [192, 191, 188]'
INFO: 2026-01-08 22:06:38,517: log_options() 'quotes_text_shadow = False'
INFO: 2026-01-08 22:06:38,517: log_options() 'quotes_vpos = 0'
INFO: 2026-01-08 22:06:38,517: log_options() 'quotes_width = 44'
INFO: 2026-01-08 22:06:38,517: log_options() 'safe_mode = False'
INFO: 2026-01-08 22:06:38,517: log_options() 'set_wallpaper_script = /home/jesse/.config/variety/scripts/set_wallpaper'
INFO: 2026-01-08 22:06:38,517: log_options() 'slideshow_custom_enabled = False'
INFO: 2026-01-08 22:06:38,517: log_options() 'slideshow_custom_folder = /home/jesse/Pictures'
INFO: 2026-01-08 22:06:38,517: log_options() 'slideshow_downloads_enabled = False'
INFO: 2026-01-08 22:06:38,517: log_options() 'slideshow_fade = 0.4'
INFO: 2026-01-08 22:06:38,517: log_options() 'slideshow_favorites_enabled = True'
INFO: 2026-01-08 22:06:38,517: log_options() 'slideshow_mode = Fullscreen'
INFO: 2026-01-08 22:06:38,517: log_options() 'slideshow_monitor = All'
INFO: 2026-01-08 22:06:38,517: log_options() 'slideshow_pan = 0.05'
INFO: 2026-01-08 22:06:38,517: log_options() 'slideshow_seconds = 6.0'
INFO: 2026-01-08 22:06:38,517: log_options() 'slideshow_sort_order = Random'
INFO: 2026-01-08 22:06:38,517: log_options() 'slideshow_sources_enabled = True'
INFO: 2026-01-08 22:06:38,517: log_options() 'slideshow_zoom = 0.2'
INFO: 2026-01-08 22:06:38,517: log_options() 'smart_enabled = False'
INFO: 2026-01-08 22:06:38,517: log_options() 'smart_notice_shown = False'
INFO: 2026-01-08 22:06:38,517: log_options() 'smart_register_shown = False'
INFO: 2026-01-08 22:06:38,517: log_options() 'sources = [[False, 'favorites', 'The Favorites folder'], [False, 'fetched', 'The Fetched folder'], [False, 'folder', '/usr/share/backgrounds'], [False, 'flickr', 'user:www.flickr.com/photos/peter-levi/;user_id:93647178@N00;'], [False, 'apod', "NASA's Astronomy Picture of the Day"], [False, 'bing', 'Bing Photo of the Day'], [False, 'earthview', 'Google Earth View Wallpapers'], [False, 'natgeo', "National Geographic's photo of the day"], [False, 'unsplash', 'High-resolution photos from Unsplash.com'], [True, 'wallhaven', 'anime girls'], [False, 'wallhaven', 'hanfu'], [True, 'wallhaven', 'video game art'], [False, 'wallhaven', 'ponytail'], [True, 'wallhaven', 'video games'], [True, 'wallhaven', 'digital art'], [False, 'wallhaven', 'fantasy girl'], [False, 'image', '/home/jesse/Downloads/mmexport1677597069365.jpg']]'
INFO: 2026-01-08 22:06:38,518: log_options() 'stats_enabled = True'
INFO: 2026-01-08 22:06:38,518: log_options() 'stats_notice_shown = False'
INFO: 2026-01-08 22:06:38,518: log_options() 'sync_enabled = True'
INFO: 2026-01-08 22:06:38,518: log_options() 'use_landscape_enabled = True'
INFO: 2026-01-08 22:06:38,518: log_options() 'wallhaven_api_key = IRKYjiZHJoNcDbTyvTXn1nWlv4foYxKB'
INFO: 2026-01-08 22:06:38,518: log_options() 'wallpaper_auto_rotate = True'
INFO: 2026-01-08 22:06:38,518: log_options() 'wallpaper_display_mode = os'
INFO: 2026-01-08 22:06:38,518: reload_config() 'No need to clear prepared queue'
INFO: 2026-01-08 22:06:38,518: update_indicator() 'Setting file info to: /usr/share/backgrounds/gnome/adwaita-l.jxl'
INFO: 2026-01-08 22:06:38,520: load_banned() 'Missing or invalid banned URLs list, no URLs will be banned'
INFO: 2026-01-08 22:06:38,520: load_last_change_time() 'Change interval < 6 hours, ignore persisted last_change_time, wait initially the whole interval: 1800'
INFO: 2026-01-08 22:06:38,520: update_indicator() 'Setting file info to: /usr/share/backgrounds/gnome/adwaita-l.jxl'
INFO: 2026-01-08 22:06:38,521: regular_change_thread() 'regular_change thread running'
INFO: 2026-01-08 22:06:38,521: prepare_thread() 'Prepare thread running'
INFO: 2026-01-08 22:06:38,521: regular_change_thread() 'regular_change: waiting till user resumes'
INFO: 2026-01-08 22:06:38,521: prepare_thread() 'Prepared buffer contains 0 images'
INFO: 2026-01-08 22:06:38,521: prepare_thread() 'Preparing some images'
INFO: 2026-01-08 22:06:38,523: update_indicator_icon() 'Creating indicator'
WARNING: 2026-01-08 22:06:38,560: create_menu() 'Variety Slideshow is not installed. This is an optional extension adding pan-and-zoom slideshows to Variety: see https://github.com/peterlevi/variety-slideshow for details'
INFO: 2026-01-08 22:06:38,560: create_indicator() 'indicator backend: AyatanaAppIndicator3'
INFO: 2026-01-08 22:06:38,583: set_from_theme_icon() 'Showing indicator icon variety-indicator from GTK theme'
INFO: 2026-01-08 22:06:38,621: do_set_wp() 'Calling do_set_wp with /usr/share/backgrounds/gnome/adwaita-l.jxl, time: 1767881198.621013'
INFO: 2026-01-08 22:06:38,621: do_set_wp() 'Missing file or bad permissions, will not use it: /usr/share/backgrounds/gnome/adwaita-l.jxl'
INFO: 2026-01-08 22:06:39,925: reload() 'Reloading preferences dialog'
INFO: 2026-01-08 22:06:47,600: prepare_thread() 'After search prepared buffer contains 100 images'
INFO: 2026-01-08 22:06:49,600: trigger_download() 'Triggering download thread to check if download needed and possible'
INFO: 2026-01-08 22:06:58,521: server_options_thread() 'Fetching server options from https://gist.githubusercontent.com/peterlevi/a7d1dbf3a4e76e15760a/raw/fab10d0ce5cfe66377e7c650be56edb497aabbd4/variety_server_options.json'
INFO: 2026-01-08 22:06:59,166: server_options_thread() 'Fetched server options: {'flickr': {'min_fill_queue_interval': 1200, 'min_download_interval': 1200}, 'wallbase': {'min_fill_queue_interval': 1800, 'min_download_interval': 1800}, 'wallhaven': {'min_fill_queue_interval': 1800, 'min_download_interval': 1800}, 'wallpapers.net': {'min_fill_queue_interval': 601, 'min_download_interval': 0}, 'unsplash': {'min_fill_queue_interval': 20000000000, 'min_download_interval': 20000000000}, 'unsplash_v2': {'min_fill_queue_interval': 3600, 'min_download_interval': 1800}, 'status_message': {'0.0.1': '', '*': ''}}'
INFO: 2026-01-08 22:08:52,891: process_command() 'Received command: ['-p']'
INFO: 2026-01-08 22:08:52,893: do_set_wp() 'Calling do_set_wp with /home/jesse/.config/variety/Downloaded/wallhaven_digital_art/wallhaven-9mq26d.jpg, time: 1767881332.893478'
INFO: 2026-01-08 22:08:52,898: apply_auto_rotate() 'ImageMagick auto-rotate cmd: convert /home/jesse/.config/variety/Downloaded/wallhaven_digital_art/wallhaven-9mq26d.jpg -auto-orient /home/jesse/.config/variety/wallpaper/wallpaper-auto-rotated-883f0299df021b647c528bb22fdd573d.jpg'
INFO: 2026-01-08 22:08:53,075: update_indicator() 'Setting file info to: /home/jesse/.config/variety/Downloaded/wallhaven_digital_art/wallhaven-9mq26d.jpg'
INFO: 2026-01-08 22:08:53,077: list_files() 'More than 1 files in the folders, stop listing'
INFO: 2026-01-08 22:08:55,938: process_command() 'Received command: ['-n']'
INFO: 2026-01-08 22:08:55,940: do_set_wp() 'Calling do_set_wp with /usr/share/backgrounds/gnome/adwaita-l.jxl, time: 1767881335.9406395'
INFO: 2026-01-08 22:08:55,940: do_set_wp() 'Missing file or bad permissions, will not use it: /usr/share/backgrounds/gnome/adwaita-l.jxl'
INFO: 2026-01-08 22:09:24,984: process_command() 'Received command: ['--preferences']'
INFO: 2026-01-08 22:09:24,986: reload() 'Reloading preferences dialog'
INFO: 2026-01-08 22:09:34,137: set_wallpaper() 'Calling set_wallpaper with /home/jesse/.config/variety/Downloaded/wallhaven_digital_art/wallhaven-oxv6gl.png'
INFO: 2026-01-08 22:09:34,138: do_set_wp() 'Calling do_set_wp with /home/jesse/.config/variety/Downloaded/wallhaven_digital_art/wallhaven-oxv6gl.png, time: 1767881374.1385775'
INFO: 2026-01-08 22:09:34,138: apply_auto_rotate() 'ImageMagick auto-rotate cmd: convert /home/jesse/.config/variety/Downloaded/wallhaven_digital_art/wallhaven-oxv6gl.png -auto-orient /home/jesse/.config/variety/wallpaper/wallpaper-auto-rotated-68aae0e578701b9a6362d00170ab85e0.jpg'
INFO: 2026-01-08 22:09:34,420: update_indicator() 'Setting file info to: /home/jesse/.config/variety/Downloaded/wallhaven_digital_art/wallhaven-oxv6gl.png'
INFO: 2026-01-08 22:09:34,422: list_files() 'More than 1 files in the folders, stop listing'
INFO: 2026-01-08 22:09:36,138: trigger_download() 'Triggering download thread to check if download needed and possible'
INFO: 2026-01-08 22:09:36,138: get_throttling() 'Wallhaven.cc: parsing serverside options'
INFO: 2026-01-08 22:09:36,138: get_throttling() 'Wallhaven.cc serverside options: {'min_fill_queue_interval': 1800, 'min_download_interval': 1800}'
INFO: 2026-01-08 22:09:36,138: get_throttling() 'Wallhaven.cc: parsing serverside options'
INFO: 2026-01-08 22:09:36,138: get_throttling() 'Wallhaven.cc serverside options: {'min_fill_queue_interval': 1800, 'min_download_interval': 1800}'
INFO: 2026-01-08 22:09:36,139: download_one() 'Wallhaven.cc: Downloading an image, config: digital art'
INFO: 2026-01-08 22:09:36,139: download_one() 'Wallhaven.cc: Queue size: 0'
INFO: 2026-01-08 22:09:36,139: get_throttling() 'Wallhaven.cc: parsing serverside options'
INFO: 2026-01-08 22:09:36,139: get_throttling() 'Wallhaven.cc serverside options: {'min_fill_queue_interval': 1800, 'min_download_interval': 1800}'
INFO: 2026-01-08 22:09:36,139: download_one() 'Wallhaven.cc: Filling queue'
INFO: 2026-01-08 22:09:36,139: search() 'Performing wallhaven search: url=https://wallhaven.cc/api/v1/search?q=digital art&categories=111&purity=100&sorting=favorites&order=desc&apikey=IRKYjiZHJoNcDbTyvTXn1nWlv4foYxKB'
INFO: 2026-01-08 22:09:37,785: fill_queue() '115804 wallpapers in result, using page 27'
INFO: 2026-01-08 22:09:37,785: search() 'Performing wallhaven search: url=https://wallhaven.cc/api/v1/search?q=digital art&categories=111&purity=100&sorting=favorites&order=desc&apikey=IRKYjiZHJoNcDbTyvTXn1nWlv4foYxKB&page=27'
INFO: 2026-01-08 22:09:38,246: update_indicator() 'Setting file info to: /home/jesse/.config/variety/Downloaded/wallhaven_digital_art/wallhaven-oxv6gl.png'
INFO: 2026-01-08 22:09:38,249: list_files() 'More than 1 files in the folders, stop listing'
INFO: 2026-01-08 22:09:38,498: download_one() 'Wallhaven.cc: Queue populated with 17 URLs'
INFO: 2026-01-08 22:09:38,499: download_queue_item() 'Wallpaper URL: https://wallhaven.cc/w/7p1o6v'
INFO: 2026-01-08 22:09:38,499: download_queue_item() 'Image src URL: https://w.wallhaven.cc/full/7p/wallhaven-7p1o6v.png'
INFO: 2026-01-08 22:09:39,087: save_locally() 'Origin URL: https://wallhaven.cc/w/7p1o6v'
INFO: 2026-01-08 22:09:39,087: save_locally() 'Image URL: https://w.wallhaven.cc/full/7p/wallhaven-7p1o6v.png'
INFO: 2026-01-08 22:09:39,087: save_locally() 'Local path: /home/jesse/.config/variety/Downloaded/wallhaven_digital_art/wallhaven-7p1o6v.png'
INFO: 2026-01-08 22:09:39,332: trigger_download() 'Triggering download thread to check if download needed and possible'
INFO: 2026-01-08 22:09:41,007: save_locally() 'Download complete'
INFO: 2026-01-08 22:09:41,008: update_indicator() 'Setting file info to: /home/jesse/.config/variety/Downloaded/wallhaven_digital_art/wallhaven-oxv6gl.png'
INFO: 2026-01-08 22:09:41,011: list_files() 'More than 1 files in the folders, stop listing'
INFO: 2026-01-08 22:09:41,043: download_one_from() 'Adding downloaded file /home/jesse/.config/variety/Downloaded/wallhaven_digital_art/wallhaven-7p1o6v.png to unseen_downloads'
INFO: 2026-01-08 22:13:26,418: process_command() 'Received command: ['-n']'
INFO: 2026-01-08 22:13:26,420: set_wallpaper() 'Calling set_wallpaper with /home/jesse/.config/variety/Downloaded/wallhaven_digital_art/wallhaven-dpo38l.jpg'
INFO: 2026-01-08 22:13:26,420: prepare_thread() 'Prepared buffer contains 100 images'
INFO: 2026-01-08 22:13:26,421: do_set_wp() 'Calling do_set_wp with /home/jesse/.config/variety/Downloaded/wallhaven_digital_art/wallhaven-dpo38l.jpg, time: 1767881606.4210043'
INFO: 2026-01-08 22:13:26,421: apply_auto_rotate() 'ImageMagick auto-rotate cmd: convert /home/jesse/.config/variety/Downloaded/wallhaven_digital_art/wallhaven-dpo38l.jpg -auto-orient /home/jesse/.config/variety/wallpaper/wallpaper-auto-rotated-694913d141edcf771d484ba06899c028.jpg'
INFO: 2026-01-08 22:13:26,508: update_indicator() 'Setting file info to: /home/jesse/.config/variety/Downloaded/wallhaven_digital_art/wallhaven-dpo38l.jpg'
INFO: 2026-01-08 22:13:26,508: list_files() 'More than 1 files in the folders, stop listing'
INFO: 2026-01-08 22:13:27,576: process_command() 'Received command: ['-n']'
INFO: 2026-01-08 22:13:27,578: set_wallpaper() 'Calling set_wallpaper with /home/jesse/.config/variety/Downloaded/wallhaven_digital_art/wallhaven-9dd3d1.jpg'
INFO: 2026-01-08 22:13:27,578: prepare_thread() 'Prepared buffer contains 100 images'
INFO: 2026-01-08 22:13:27,578: do_set_wp() 'Calling do_set_wp with /home/jesse/.config/variety/Downloaded/wallhaven_digital_art/wallhaven-9dd3d1.jpg, time: 1767881607.5786796'
INFO: 2026-01-08 22:13:27,578: apply_auto_rotate() 'ImageMagick auto-rotate cmd: convert /home/jesse/.config/variety/Downloaded/wallhaven_digital_art/wallhaven-9dd3d1.jpg -auto-orient /home/jesse/.config/variety/wallpaper/wallpaper-auto-rotated-5f1b616e886b2c023060f081d34bb655.jpg'
INFO: 2026-01-08 22:13:27,641: update_indicator() 'Setting file info to: /home/jesse/.config/variety/Downloaded/wallhaven_digital_art/wallhaven-9dd3d1.jpg'
INFO: 2026-01-08 22:13:27,642: list_files() 'More than 1 files in the folders, stop listing'
INFO: 2026-01-08 22:13:28,420: trigger_download() 'Triggering download thread to check if download needed and possible'
INFO: 2026-01-08 22:13:28,421: trigger_download() 'Triggering download thread to check if download needed and possible'
INFO: 2026-01-08 22:13:28,421: get_throttling() 'Wallhaven.cc: parsing serverside options'
INFO: 2026-01-08 22:13:28,421: get_throttling() 'Wallhaven.cc serverside options: {'min_fill_queue_interval': 1800, 'min_download_interval': 1800}'
INFO: 2026-01-08 22:13:28,421: get_throttling() 'Wallhaven.cc: parsing serverside options'
INFO: 2026-01-08 22:13:28,421: get_throttling() 'Wallhaven.cc serverside options: {'min_fill_queue_interval': 1800, 'min_download_interval': 1800}'
INFO: 2026-01-08 22:13:28,421: download_one() 'Wallhaven.cc: Downloading an image, config: digital art'
INFO: 2026-01-08 22:13:28,421: download_one() 'Wallhaven.cc: Queue size: 16'
INFO: 2026-01-08 22:13:28,421: download_one() 'Wallhaven.cc: Queue populated with 16 URLs'
INFO: 2026-01-08 22:13:28,421: download_queue_item() 'Wallpaper URL: https://wallhaven.cc/w/4g2xqn'
INFO: 2026-01-08 22:13:28,421: download_queue_item() 'Image src URL: https://w.wallhaven.cc/full/4g/wallhaven-4g2xqn.jpg'
INFO: 2026-01-08 22:13:28,543: process_command() 'Received command: ['-n']'
INFO: 2026-01-08 22:13:28,545: set_wallpaper() 'Calling set_wallpaper with /home/jesse/.config/variety/Downloaded/wallhaven_video_games/wallhaven-v91po5.jpg'
INFO: 2026-01-08 22:13:28,545: prepare_thread() 'Prepared buffer contains 100 images'
INFO: 2026-01-08 22:13:28,579: do_set_wp() 'Calling do_set_wp with /home/jesse/.config/variety/Downloaded/wallhaven_video_games/wallhaven-v91po5.jpg, time: 1767881608.5790129'
INFO: 2026-01-08 22:13:28,579: apply_auto_rotate() 'ImageMagick auto-rotate cmd: convert /home/jesse/.config/variety/Downloaded/wallhaven_video_games/wallhaven-v91po5.jpg -auto-orient /home/jesse/.config/variety/wallpaper/wallpaper-auto-rotated-90077c32dc5f18e7f0294853a72c77ae.jpg'
INFO: 2026-01-08 22:13:28,671: update_indicator() 'Setting file info to: /home/jesse/.config/variety/Downloaded/wallhaven_video_games/wallhaven-v91po5.jpg'
INFO: 2026-01-08 22:13:28,672: list_files() 'More than 1 files in the folders, stop listing'
INFO: 2026-01-08 22:13:29,015: save_locally() 'Origin URL: https://wallhaven.cc/w/4g2xqn'
INFO: 2026-01-08 22:13:29,015: save_locally() 'Image URL: https://w.wallhaven.cc/full/4g/wallhaven-4g2xqn.jpg'
INFO: 2026-01-08 22:13:29,015: save_locally() 'Local path: /home/jesse/.config/variety/Downloaded/wallhaven_digital_art/wallhaven-4g2xqn.jpg'
INFO: 2026-01-08 22:13:29,527: process_command() 'Received command: ['-n']'
INFO: 2026-01-08 22:13:29,528: set_wallpaper() 'Calling set_wallpaper with /home/jesse/.config/variety/Downloaded/wallhaven_digital_art/wallhaven-kxj3l1.jpg'
INFO: 2026-01-08 22:13:29,528: prepare_thread() 'Prepared buffer contains 100 images'
INFO: 2026-01-08 22:13:29,578: trigger_download() 'Triggering download thread to check if download needed and possible'
INFO: 2026-01-08 22:13:29,578: trigger_download() 'Triggering download thread to check if download needed and possible'
INFO: 2026-01-08 22:13:29,579: do_set_wp() 'Calling do_set_wp with /home/jesse/.config/variety/Downloaded/wallhaven_digital_art/wallhaven-kxj3l1.jpg, time: 1767881609.5791788'
INFO: 2026-01-08 22:13:29,579: apply_auto_rotate() 'ImageMagick auto-rotate cmd: convert /home/jesse/.config/variety/Downloaded/wallhaven_digital_art/wallhaven-kxj3l1.jpg -auto-orient /home/jesse/.config/variety/wallpaper/wallpaper-auto-rotated-50d7aa841b783eb7881f7d64d1d426da.jpg'
INFO: 2026-01-08 22:13:29,961: update_indicator() 'Setting file info to: /home/jesse/.config/variety/Downloaded/wallhaven_digital_art/wallhaven-kxj3l1.jpg'
INFO: 2026-01-08 22:13:29,961: list_files() 'More than 1 files in the folders, stop listing'
INFO: 2026-01-08 22:13:30,248: save_locally() 'Download complete'
INFO: 2026-01-08 22:13:30,250: update_indicator() 'Setting file info to: /home/jesse/.config/variety/Downloaded/wallhaven_digital_art/wallhaven-kxj3l1.jpg'
INFO: 2026-01-08 22:13:30,252: list_files() 'More than 1 files in the folders, stop listing'
INFO: 2026-01-08 22:13:30,269: download_one_from() 'Adding downloaded file /home/jesse/.config/variety/Downloaded/wallhaven_digital_art/wallhaven-4g2xqn.jpg to unseen_downloads'
INFO: 2026-01-08 22:13:30,545: trigger_download() 'Triggering download thread to check if download needed and possible'
INFO: 2026-01-08 22:13:30,545: trigger_download() 'Triggering download thread to check if download needed and possible'
INFO: 2026-01-08 22:13:31,270: get_throttling() 'Wallhaven.cc: parsing serverside options'
INFO: 2026-01-08 22:13:31,270: get_throttling() 'Wallhaven.cc serverside options: {'min_fill_queue_interval': 1800, 'min_download_interval': 1800}'
INFO: 2026-01-08 22:13:31,270: get_throttling() 'Wallhaven.cc: parsing serverside options'
INFO: 2026-01-08 22:13:31,270: get_throttling() 'Wallhaven.cc serverside options: {'min_fill_queue_interval': 1800, 'min_download_interval': 1800}'
INFO: 2026-01-08 22:13:31,270: download_one() 'Wallhaven.cc: Downloading an image, config: digital art'
INFO: 2026-01-08 22:13:31,270: download_one() 'Wallhaven.cc: Queue size: 15'
INFO: 2026-01-08 22:13:31,270: download_one() 'Wallhaven.cc: Queue populated with 15 URLs'
INFO: 2026-01-08 22:13:31,270: download_queue_item() 'Wallpaper URL: https://wallhaven.cc/w/dge9ll'
INFO: 2026-01-08 22:13:31,270: download_queue_item() 'Image src URL: https://w.wallhaven.cc/full/dg/wallhaven-dge9ll.jpg'
INFO: 2026-01-08 22:13:31,529: trigger_download() 'Triggering download thread to check if download needed and possible'
INFO: 2026-01-08 22:13:31,529: trigger_download() 'Triggering download thread to check if download needed and possible'
INFO: 2026-01-08 22:13:31,844: save_locally() 'Origin URL: https://wallhaven.cc/w/dge9ll'
INFO: 2026-01-08 22:13:31,844: save_locally() 'Image URL: https://w.wallhaven.cc/full/dg/wallhaven-dge9ll.jpg'
INFO: 2026-01-08 22:13:31,844: save_locally() 'Local path: /home/jesse/.config/variety/Downloaded/wallhaven_digital_art/wallhaven-dge9ll.jpg'
INFO: 2026-01-08 22:13:31,844: save_locally() 'File already exists, skip downloading'
INFO: 2026-01-08 22:13:32,845: get_throttling() 'Wallhaven.cc: parsing serverside options'
INFO: 2026-01-08 22:13:32,845: get_throttling() 'Wallhaven.cc serverside options: {'min_fill_queue_interval': 1800, 'min_download_interval': 1800}'
INFO: 2026-01-08 22:13:32,845: get_throttling() 'Wallhaven.cc: parsing serverside options'
INFO: 2026-01-08 22:13:32,845: get_throttling() 'Wallhaven.cc serverside options: {'min_fill_queue_interval': 1800, 'min_download_interval': 1800}'
INFO: 2026-01-08 22:13:32,845: download_one() 'Wallhaven.cc: Downloading an image, config: video games'
INFO: 2026-01-08 22:13:32,845: download_one() 'Wallhaven.cc: Queue size: 0'
INFO: 2026-01-08 22:13:32,845: get_throttling() 'Wallhaven.cc: parsing serverside options'
INFO: 2026-01-08 22:13:32,845: get_throttling() 'Wallhaven.cc serverside options: {'min_fill_queue_interval': 1800, 'min_download_interval': 1800}'
INFO: 2026-01-08 22:13:32,845: download_one() 'Wallhaven.cc: Filling queue'
INFO: 2026-01-08 22:13:32,845: search() 'Performing wallhaven search: url=https://wallhaven.cc/api/v1/search?q=video games&categories=111&purity=100&sorting=favorites&order=desc&apikey=IRKYjiZHJoNcDbTyvTXn1nWlv4foYxKB'
INFO: 2026-01-08 22:13:33,705: fill_queue() '68962 wallpapers in result, using page 32'
INFO: 2026-01-08 22:13:33,705: search() 'Performing wallhaven search: url=https://wallhaven.cc/api/v1/search?q=video games&categories=111&purity=100&sorting=favorites&order=desc&apikey=IRKYjiZHJoNcDbTyvTXn1nWlv4foYxKB&page=32'
INFO: 2026-01-08 22:13:34,402: download_one() 'Wallhaven.cc: Queue populated with 18 URLs'
INFO: 2026-01-08 22:13:34,403: download_queue_item() 'Wallpaper URL: https://wallhaven.cc/w/4lgzpn'
INFO: 2026-01-08 22:13:34,403: download_queue_item() 'Image src URL: https://w.wallhaven.cc/full/4l/wallhaven-4lgzpn.jpg'
INFO: 2026-01-08 22:13:34,979: save_locally() 'Origin URL: https://wallhaven.cc/w/4lgzpn'
INFO: 2026-01-08 22:13:34,979: save_locally() 'Image URL: https://w.wallhaven.cc/full/4l/wallhaven-4lgzpn.jpg'
INFO: 2026-01-08 22:13:34,980: save_locally() 'Local path: /home/jesse/.config/variety/Downloaded/wallhaven_video_games/wallhaven-4lgzpn.jpg'
INFO: 2026-01-08 22:13:36,259: save_locally() 'Download complete'
INFO: 2026-01-08 22:13:36,259: update_indicator() 'Setting file info to: /home/jesse/.config/variety/Downloaded/wallhaven_digital_art/wallhaven-kxj3l1.jpg'
INFO: 2026-01-08 22:13:36,260: list_files() 'More than 1 files in the folders, stop listing'
INFO: 2026-01-08 22:13:36,287: download_one_from() 'Adding downloaded file /home/jesse/.config/variety/Downloaded/wallhaven_video_games/wallhaven-4lgzpn.jpg to unseen_downloads'
INFO: 2026-01-08 22:16:37,289: get_throttling() 'Wallhaven.cc: parsing serverside options'
INFO: 2026-01-08 22:16:37,289: get_throttling() 'Wallhaven.cc serverside options: {'min_fill_queue_interval': 1800, 'min_download_interval': 1800}'
INFO: 2026-01-08 22:16:37,289: get_throttling() 'Wallhaven.cc: parsing serverside options'
INFO: 2026-01-08 22:16:37,289: get_throttling() 'Wallhaven.cc serverside options: {'min_fill_queue_interval': 1800, 'min_download_interval': 1800}'
INFO: 2026-01-08 22:16:37,289: download_one() 'Wallhaven.cc: Downloading an image, config: digital art'
INFO: 2026-01-08 22:16:37,289: download_one() 'Wallhaven.cc: Queue size: 14'
INFO: 2026-01-08 22:16:37,289: download_one() 'Wallhaven.cc: Queue populated with 14 URLs'
INFO: 2026-01-08 22:16:37,289: download_queue_item() 'Wallpaper URL: https://wallhaven.cc/w/yx2eqx'
INFO: 2026-01-08 22:16:37,290: download_queue_item() 'Image src URL: https://w.wallhaven.cc/full/yx/wallhaven-yx2eqx.png'
INFO: 2026-01-08 22:16:37,864: save_locally() 'Origin URL: https://wallhaven.cc/w/yx2eqx'
INFO: 2026-01-08 22:16:37,864: save_locally() 'Image URL: https://w.wallhaven.cc/full/yx/wallhaven-yx2eqx.png'
INFO: 2026-01-08 22:16:37,864: save_locally() 'Local path: /home/jesse/.config/variety/Downloaded/wallhaven_digital_art/wallhaven-yx2eqx.png'
INFO: 2026-01-08 22:16:39,788: save_locally() 'Download complete'
INFO: 2026-01-08 22:16:39,789: update_indicator() 'Setting file info to: /home/jesse/.config/variety/Downloaded/wallhaven_digital_art/wallhaven-kxj3l1.jpg'
INFO: 2026-01-08 22:16:39,790: list_files() 'More than 1 files in the folders, stop listing'
INFO: 2026-01-08 22:16:39,865: download_one_from() 'Adding downloaded file /home/jesse/.config/variety/Downloaded/wallhaven_digital_art/wallhaven-yx2eqx.png to unseen_downloads'
INFO: 2026-01-08 22:16:40,866: get_throttling() 'Wallhaven.cc: parsing serverside options'
INFO: 2026-01-08 22:16:40,866: get_throttling() 'Wallhaven.cc serverside options: {'min_fill_queue_interval': 1800, 'min_download_interval': 1800}'
INFO: 2026-01-08 22:16:40,866: get_throttling() 'Wallhaven.cc: parsing serverside options'
INFO: 2026-01-08 22:16:40,866: get_throttling() 'Wallhaven.cc serverside options: {'min_fill_queue_interval': 1800, 'min_download_interval': 1800}'
INFO: 2026-01-08 22:16:40,866: download_one() 'Wallhaven.cc: Downloading an image, config: digital art'
INFO: 2026-01-08 22:16:40,866: download_one() 'Wallhaven.cc: Queue size: 13'
INFO: 2026-01-08 22:16:40,866: download_one() 'Wallhaven.cc: Queue populated with 13 URLs'
INFO: 2026-01-08 22:16:40,866: download_queue_item() 'Wallpaper URL: https://wallhaven.cc/w/p9pro3'
INFO: 2026-01-08 22:16:40,866: download_queue_item() 'Image src URL: https://w.wallhaven.cc/full/p9/wallhaven-p9pro3.jpg'
INFO: 2026-01-08 22:16:41,595: save_locally() 'Origin URL: https://wallhaven.cc/w/p9pro3'
INFO: 2026-01-08 22:16:41,595: save_locally() 'Image URL: https://w.wallhaven.cc/full/p9/wallhaven-p9pro3.jpg'
INFO: 2026-01-08 22:16:41,596: save_locally() 'Local path: /home/jesse/.config/variety/Downloaded/wallhaven_digital_art/wallhaven-p9pro3.jpg'
INFO: 2026-01-08 22:16:43,762: save_locally() 'Download complete'
INFO: 2026-01-08 22:16:43,762: update_indicator() 'Setting file info to: /home/jesse/.config/variety/Downloaded/wallhaven_digital_art/wallhaven-kxj3l1.jpg'
INFO: 2026-01-08 22:16:43,763: list_files() 'More than 1 files in the folders, stop listing'
INFO: 2026-01-08 22:16:44,084: download_one_from() 'Adding downloaded file /home/jesse/.config/variety/Downloaded/wallhaven_digital_art/wallhaven-p9pro3.jpg to unseen_downloads'
INFO: 2026-01-08 22:23:30,236: process_command() 'Received command: ['-n']'
INFO: 2026-01-08 22:23:30,238: set_wallpaper() 'Calling set_wallpaper with /home/jesse/.config/variety/Downloaded/wallhaven_video_game_art/wallhaven-gpde23.jpg'
INFO: 2026-01-08 22:23:30,238: prepare_thread() 'Prepared buffer contains 100 images'
INFO: 2026-01-08 22:23:30,238: do_set_wp() 'Calling do_set_wp with /home/jesse/.config/variety/Downloaded/wallhaven_video_game_art/wallhaven-gpde23.jpg, time: 1767882210.2389581'
INFO: 2026-01-08 22:23:30,239: apply_auto_rotate() 'ImageMagick auto-rotate cmd: convert /home/jesse/.config/variety/Downloaded/wallhaven_video_game_art/wallhaven-gpde23.jpg -auto-orient /home/jesse/.config/variety/wallpaper/wallpaper-auto-rotated-2019ea63f1e0d28e627ef008d085a42c.jpg'
INFO: 2026-01-08 22:23:30,287: update_indicator() 'Setting file info to: /home/jesse/.config/variety/Downloaded/wallhaven_video_game_art/wallhaven-gpde23.jpg'
INFO: 2026-01-08 22:23:30,288: list_files() 'More than 1 files in the folders, stop listing'
INFO: 2026-01-08 22:23:32,238: trigger_download() 'Triggering download thread to check if download needed and possible'
INFO: 2026-01-08 22:23:32,238: trigger_download() 'Triggering download thread to check if download needed and possible'
INFO: 2026-01-08 22:23:32,239: get_throttling() 'Wallhaven.cc: parsing serverside options'
INFO: 2026-01-08 22:23:32,239: get_throttling() 'Wallhaven.cc serverside options: {'min_fill_queue_interval': 1800, 'min_download_interval': 1800}'
INFO: 2026-01-08 22:23:32,239: get_throttling() 'Wallhaven.cc: parsing serverside options'
INFO: 2026-01-08 22:23:32,239: get_throttling() 'Wallhaven.cc serverside options: {'min_fill_queue_interval': 1800, 'min_download_interval': 1800}'
INFO: 2026-01-08 22:23:32,239: download_one() 'Wallhaven.cc: Downloading an image, config: video game art'
INFO: 2026-01-08 22:23:32,239: download_one() 'Wallhaven.cc: Queue size: 0'
INFO: 2026-01-08 22:23:32,239: get_throttling() 'Wallhaven.cc: parsing serverside options'
INFO: 2026-01-08 22:23:32,239: get_throttling() 'Wallhaven.cc serverside options: {'min_fill_queue_interval': 1800, 'min_download_interval': 1800}'
INFO: 2026-01-08 22:23:32,239: download_one() 'Wallhaven.cc: Filling queue'
INFO: 2026-01-08 22:23:32,240: search() 'Performing wallhaven search: url=https://wallhaven.cc/api/v1/search?q=video game art&categories=111&purity=100&sorting=favorites&order=desc&apikey=IRKYjiZHJoNcDbTyvTXn1nWlv4foYxKB'
INFO: 2026-01-08 22:23:33,112: fill_queue() '70282 wallpapers in result, using page 17'
INFO: 2026-01-08 22:23:33,113: search() 'Performing wallhaven search: url=https://wallhaven.cc/api/v1/search?q=video game art&categories=111&purity=100&sorting=favorites&order=desc&apikey=IRKYjiZHJoNcDbTyvTXn1nWlv4foYxKB&page=17'
INFO: 2026-01-08 22:23:33,968: download_one() 'Wallhaven.cc: Queue populated with 19 URLs'
INFO: 2026-01-08 22:23:33,968: download_queue_item() 'Wallpaper URL: https://wallhaven.cc/w/g8x25d'
INFO: 2026-01-08 22:23:33,968: download_queue_item() 'Image src URL: https://w.wallhaven.cc/full/g8/wallhaven-g8x25d.jpg'
INFO: 2026-01-08 22:23:34,535: save_locally() 'Origin URL: https://wallhaven.cc/w/g8x25d'
INFO: 2026-01-08 22:23:34,536: save_locally() 'Image URL: https://w.wallhaven.cc/full/g8/wallhaven-g8x25d.jpg'
INFO: 2026-01-08 22:23:34,536: save_locally() 'Local path: /home/jesse/.config/variety/Downloaded/wallhaven_video_game_art/wallhaven-g8x25d.jpg'
INFO: 2026-01-08 22:23:36,315: save_locally() 'Download complete'
INFO: 2026-01-08 22:23:36,316: update_indicator() 'Setting file info to: /home/jesse/.config/variety/Downloaded/wallhaven_video_game_art/wallhaven-gpde23.jpg'
INFO: 2026-01-08 22:23:36,316: list_files() 'More than 1 files in the folders, stop listing'
INFO: 2026-01-08 22:23:36,457: download_one_from() 'Adding downloaded file /home/jesse/.config/variety/Downloaded/wallhaven_video_game_art/wallhaven-g8x25d.jpg to unseen_downloads'
